// Jest Snapshot v1, https://goo.gl/fbAQLP

exports[`complex 1`] = `
Object {
  "body": Object {
    "body": Object {
      "name": "app",
      "terms": Array [
        Object {
          "name": "var",
          "v": "f",
        },
        Object {
          "name": "app",
          "terms": Array [
            Object {
              "name": "var",
              "v": "f",
            },
            Object {
              "name": "app",
              "terms": Array [
                Object {
                  "name": "var",
                  "v": "f",
                },
                Object {
                  "name": "var",
                  "v": "x",
                },
              ],
            },
          ],
        },
      ],
    },
    "name": "lambda",
    "typ": Array [
      "nat",
    ],
    "v": "x",
  },
  "name": "lambda",
  "typ": Object {
    "name": "arrow",
    "types": Array [
      Object {
        "name": "arrow",
        "types": Array [
          Array [
            Array [
              Array [],
              "->",
              Array [
                " ",
              ],
              "nat",
            ],
            Array [
              Array [
                " ",
              ],
              "->",
              Array [
                " ",
              ],
              "nat",
            ],
            "nat",
          ],
          "nat",
        ],
      },
      "nat",
    ],
  },
  "v": "f",
}
`;
